[rstheme.com/products/html/seolab/index.html]
[backblue.gif]
[fade.gif]
[index.html]
[rstheme.com/products/html/seolab/apple-touch-icon.0.delayed]
[rstheme.com/products/html/seolab/images/fav.png]
[rstheme.com/products/html/seolab/css/bootstrap.min.css]
[rstheme.com/products/html/seolab/css/animate.css]
[rstheme.com/products/html/seolab/css/owl.carousel.css]
[rstheme.com/products/html/seolab/css/font-awesome.min.css]
[rstheme.com/products/html/seolab/css/owl.theme.css]
[rstheme.com/products/html/seolab/css/magnific-popup.css]
[rstheme.com/products/html/seolab/fonts/flaticon.css]
[rstheme.com/products/html/seolab/css/stellarnav.css]
[rstheme.com/products/html/seolab/css/slick.css]
[rstheme.com/products/html/seolab/css/slick-theme.css]
[rstheme.com/products/html/seolab/css/color-style.css]
[rstheme.com/products/html/seolab/css/mobile-menu.css]
[rstheme.com/products/html/seolab/css/rsmenu-transitions.css]
[rstheme.com/products/html/seolab/css/rsmenu-main.css]
[rstheme.com/products/html/seolab/css/responsive.css]
[rstheme.com/products/html/seolab/style.css]
[rstheme.com/products/html/seolab/index-3.html]
[rstheme.com/products/html/seolab/index-2.html]
[rstheme.com/products/html/seolab/index-4.html]
[rstheme.com/products/html/seolab/about-us.html]
[rstheme.com/products/html/seolab/about-us-2.html]
[rstheme.com/products/html/seolab/services.html]
[rstheme.com/products/html/seolab/services-2.html]
[rstheme.com/products/html/seolab/services-3.html]
[rstheme.com/products/html/seolab/services-details.html]
[rstheme.com/products/html/seolab/services-4.html]
[rstheme.com/products/html/seolab/services-details-sidebar.html]
[rstheme.com/products/html/seolab/case-study.html]
[rstheme.com/products/html/seolab/case-study-2.html]
[rstheme.com/products/html/seolab/case-study-3.html]
[rstheme.com/products/html/seolab/case-study-full.html]
[rstheme.com/products/html/seolab/case-study-masonary.html]
[rstheme.com/products/html/seolab/blog-with-right-sidebar.html]
[rstheme.com/products/html/seolab/blog-with-left-sidebar.html]
[rstheme.com/products/html/seolab/article-category-blog.html]
[rstheme.com/products/html/seolab/blog-one-column.html]
[rstheme.com/products/html/seolab/blog-two-column.html]
[rstheme.com/products/html/seolab/blog-three-column.html]
[rstheme.com/products/html/seolab/contact-1.html]
[rstheme.com/products/html/seolab/contact-2.html]
[rstheme.com/products/html/seolab/testimonials.2a.delayed]
[rstheme.com/products/html/seolab/images/logo.png]
[rstheme.com/products/html/seolab/team1.html]
[rstheme.com/products/html/seolab/team2.html]
[rstheme.com/products/html/seolab/team3.html]
[rstheme.com/products/html/seolab/team4.html]
[rstheme.com/products/html/seolab/testimonial.html]
[rstheme.com/products/html/seolab/price-plan.html]
[rstheme.com/products/html/seolab/coming-soon.html]
[rstheme.com/products/html/seolab/error.html]
[rstheme.com/products/html/seolab/images/slider1.png]
[rstheme.com/products/html/seolab/images/slider/slide3.png]
[rstheme.com/products/html/seolab/images/slider2.jpg]
[rstheme.com/products/html/seolab/images/slider/slide4.png]
[rstheme.com/products/html/seolab/images/services/1.jpg]
[rstheme.com/products/html/seolab/images/services/2.jpg]
[rstheme.com/products/html/seolab/images/services/3.jpg]
[rstheme.com/products/html/seolab/images/services/4.jpg]
[rstheme.com/products/html/seolab/images/services/5.jpg]
[rstheme.com/products/html/seolab/images/services/6.jpg]
[rstheme.com/products/html/seolab/images/services/7.jpg]
[rstheme.com/products/html/seolab/images/services/8.jpg]
[rstheme.com/products/html/seolab/images/services/9.jpg]
[rstheme.com/products/html/seolab/images/about/1.jpg]
[rstheme.com/products/html/seolab/images/about/2.jpg]
[rstheme.com/products/html/seolab/images/about/3.jpg]
[rstheme.com/products/html/seolab/images/team/1.jpg]
[rstheme.com/products/html/seolab/single-team-member.45.delayed]
[rstheme.com/products/html/seolab/images/team/3.jpg]
[rstheme.com/products/html/seolab/images/team/2.jpg]
[rstheme.com/products/html/seolab/images/team/10.jpg]
[rstheme.com/products/html/seolab/images/about/about.png]
[rstheme.com/products/html/seolab/images/counter/1.png]
[rstheme.com/products/html/seolab/images/partner/1.jpg]
[rstheme.com/products/html/seolab/images/partner/2.jpg]
[rstheme.com/products/html/seolab/images/partner/3.jpg]
[rstheme.com/products/html/seolab/images/partner/4.jpg]
[rstheme.com/products/html/seolab/images/partner/5.jpg]
[rstheme.com/products/html/seolab/images/partner/6.jpg]
[rstheme.com/products/html/seolab/images/team/6.jpg]
[rstheme.com/products/html/seolab/images/team/5.jpg]
[rstheme.com/products/html/seolab/images/team/4.jpg]
[rstheme.com/products/html/seolab/images/blog/11.jpg]
[rstheme.com/products/html/seolab/images/blog/22.jpg]
[rstheme.com/products/html/seolab/images/blog/33.jpg]
[rstheme.com/products/html/seolab/images/blog/44.jpg]
[rstheme.com/products/html/seolab/images/blog/55.jpg]
[rstheme.com/products/html/seolab/images/blog/66.jpg]
[rstheme.com/products/html/seolab/images/partner/1.png]
[rstheme.com/products/html/seolab/images/partner/2.png]
[rstheme.com/products/html/seolab/images/partner/3.png]
[rstheme.com/products/html/seolab/images/partner/4.png]
[rstheme.com/products/html/seolab/images/partner/5.png]
[rstheme.com/products/html/seolab/images/partner/6.png]
[rstheme.com/products/html/seolab/images/footer-logo.png]
[rstheme.com/products/html/seolab/js/modernizr-2.8.3.min.js]
[rstheme.com/products/html/seolab/js/stellarnav.js]
[rstheme.com/products/html/seolab/js/bootstrap.min.js]
[rstheme.com/products/html/seolab/js/imagesloaded.pkgd.min.js]
[rstheme.com/products/html/seolab/js/owl.carousel.min.js]
[rstheme.com/products/html/seolab/js/isotope.pkgd.min.js]
[rstheme.com/products/html/seolab/js/wow.min.js]
[rstheme.com/products/html/seolab/js/jquery.min.js]
[rstheme.com/products/html/seolab/js/waypoints.min.js]
[rstheme.com/products/html/seolab/js/jquery.counterup.min.js]
[rstheme.com/products/html/seolab/js/skill.bars.jquery.js]
[rstheme.com/products/html/seolab/js/jquery.magnific-popup.min.js]
[rstheme.com/products/html/seolab/js/plugins.js]
[rstheme.com/products/html/seolab/js/color-style.js]
[rstheme.com/products/html/seolab/js/slick.js]
[rstheme.com/products/html/seolab/js/main.js]
[rstheme.com/products/html/seolab/index.html]
[rstheme.com/products/html/seolab/apple-touch-icon.html]
[rstheme.com/products/html/seolab/fonts/glyphicons-halflings-regular.71.delayed]
[rstheme.com/products/html/seolab/fonts/glyphicons-halflings-regular.72d41d.delayed]
[rstheme.com/products/html/seolab/fonts/glyphicons-halflings-regular.73.delayed]
[rstheme.com/products/html/seolab/fonts/glyphicons-halflings-regular.74.delayed]
[rstheme.com/products/html/seolab/fonts/glyphicons-halflings-regular.75.delayed]
[rstheme.com/products/html/seolab/fonts/glyphicons-halflings-regular.76.delayed]
[rstheme.com/products/html/seolab/css/bootstrap.min.css]
[rstheme.com/products/html/seolab/fonts/fontawesome-webfont3e6e.eot]
[rstheme.com/products/html/seolab/fonts/fontawesome-webfontd41d.eot]
[rstheme.com/products/html/seolab/fonts/fontawesome-webfont3e6e.woff2]
[rstheme.com/products/html/seolab/fonts/fontawesome-webfont3e6e.woff]
[rstheme.com/products/html/seolab/fonts/fontawesome-webfont3e6e.ttf]
[rstheme.com/products/html/seolab/css/font-awesome.min.css]
[rstheme.com/products/html/seolab/css/animate.css]
[rstheme.com/products/html/seolab/css/owl.video.play.7d.delayed]
[rstheme.com/products/html/seolab/css/owl.carousel.css]
[rstheme.com/products/html/seolab/css/AjaxLoader.7e.delayed]
[rstheme.com/products/html/seolab/css/owl.theme.css]
[rstheme.com/products/html/seolab/css/magnific-popup.css]
[rstheme.com/products/html/seolab/fonts/Flaticon.eot]
[rstheme.com/products/html/seolab/fonts/Flaticon.woff]
[rstheme.com/products/html/seolab/fonts/Flaticon.ttf]
[rstheme.com/products/html/seolab/fonts/Flaticond41d.eot]
[rstheme.com/products/html/seolab/fonts/flaticon.css]
[rstheme.com/products/html/seolab/css/stellarnav.css]
[rstheme.com/products/html/seolab/css/slick.css]
[rstheme.com/products/html/seolab/css/ajax-loader.gif]
[rstheme.com/products/html/seolab/css/fonts/slick.eot]
[rstheme.com/products/html/seolab/css/fonts/slick.woff]
[rstheme.com/products/html/seolab/css/fonts/slickd41d.eot]
[rstheme.com/products/html/seolab/css/fonts/slick.ttf]
[rstheme.com/products/html/seolab/css/slick-theme.css]
[rstheme.com/products/html/seolab/css/color-style.css]
[rstheme.com/products/html/seolab/css/mobile-menu.css]
[rstheme.com/products/html/seolab/css/rsmenu-main.css]
[rstheme.com/products/html/seolab/css/rsmenu-transitions.css]
[rstheme.com/products/html/seolab/images/bg/bg1.jpg]
[rstheme.com/products/html/seolab/images/services/service-bg.png]
[rstheme.com/products/html/seolab/images/about/seo-bg.jpg]
[rstheme.com/products/html/seolab/images/counter/counter-bg.jpg]
[rstheme.com/products/html/seolab/images/about/hire-us-bg.jpg]
[rstheme.com/products/html/seolab/images/error.jpg]
[rstheme.com/products/html/seolab/images/testimonial/bg.jpg]
[rstheme.com/products/html/seolab/images/about/get-appear.jpg]
[rstheme.com/products/html/seolab/images/parallax/1.jpg]
[rstheme.com/products/html/seolab/images/home/get-traffic.jpg]
[rstheme.com/products/html/seolab/images/home/counter-bg.jpg]
[rstheme.com/products/html/seolab/images/bg/breadcrumbs.jpg]
[rstheme.com/products/html/seolab/images/banner/1.94.delayed]
[rstheme.com/products/html/seolab/images/parallax/slide_1.jpg]
[rstheme.com/products/html/seolab/images/parallax/4.jpg]
[rstheme.com/products/html/seolab/style.css]
[rstheme.com/products/html/seolab/css/responsive.css]
[rstheme.com/products/html/seolab/index-2.html]
[rstheme.com/products/html/seolab/images/services/10.png]
[rstheme.com/products/html/seolab/images/services/11.png]
[rstheme.com/products/html/seolab/images/services/12.png]
[rstheme.com/products/html/seolab/images/services/13.png]
[rstheme.com/products/html/seolab/images/services/14.png]
[rstheme.com/products/html/seolab/images/services/15.png]
[rstheme.com/products/html/seolab/team-details.9d.delayed]
[rstheme.com/products/html/seolab/images/testimonial/1.jpg]
[rstheme.com/products/html/seolab/images/testimonial/2.jpg]
[rstheme.com/products/html/seolab/images/testimonial/3.jpg]
[rstheme.com/products/html/seolab/images/testimonial/4.jpg]
[rstheme.com/products/html/seolab/images/testimonial/5.jpg]
[rstheme.com/products/html/seolab/images/testimonial/6.jpg]
[rstheme.com/products/html/seolab/images/testimonial/7.jpg]
[rstheme.com/products/html/seolab/images/testimonial/8.jpg]
[rstheme.com/products/html/seolab/images/testimonial/9.jpg]
[rstheme.com/products/html/seolab/images/testimonial/10.jpg]
[rstheme.com/products/html/seolab/images/testimonial/11.jpg]
[rstheme.com/products/html/seolab/images/testimonial/12.jpg]
[rstheme.com/products/html/seolab/js/jquery.nav.js]
[rstheme.com/products/html/seolab/js/contact.form.js]
[rstheme.com/products/html/seolab/index-3.html]
[rstheme.com/products/html/seolab/images/about/businesspeople.jpg]
[rstheme.com/products/html/seolab/index-4.html]
[rstheme.com/products/html/seolab/js/gmap.js]
[rstheme.com/products/html/seolab/about-us.html]
[rstheme.com/products/html/seolab/images/about/welcome-img.jpg]
[rstheme.com/products/html/seolab/images/about/sign.png]
[rstheme.com/products/html/seolab/about-us-2.html]
[rstheme.com/products/html/seolab/images/about/4.jpg]
[rstheme.com/products/html/seolab/images/about/5.jpg]
[rstheme.com/products/html/seolab/images/about/6.jpg]
[rstheme.com/products/html/seolab/images/about/7.jpg]
[rstheme.com/products/html/seolab/images/about/8.jpg]
[rstheme.com/products/html/seolab/images/about/9.jpg]
[rstheme.com/products/html/seolab/services.html]
[rstheme.com/products/html/seolab/images/services/16.png]
[rstheme.com/products/html/seolab/images/services/17.png]
[rstheme.com/products/html/seolab/images/services/18.png]
[rstheme.com/products/html/seolab/services-2.html]
[rstheme.com/products/html/seolab/services-3.html]
[rstheme.com/products/html/seolab/service-details.b9.delayed]
[rstheme.com/products/html/seolab/images/services/services-mid.jpg]
[rstheme.com/products/html/seolab/services-4.html]
[rstheme.com/products/html/seolab/images/services/content1.jpg]
[rstheme.com/products/html/seolab/images/services/1.png]
[rstheme.com/products/html/seolab/images/services/content2.jpg]
[rstheme.com/products/html/seolab/images/services/content3.jpg]
[rstheme.com/products/html/seolab/services-details.html]
[rstheme.com/products/html/seolab/services-details-sidebar.html]
[rstheme.com/products/html/seolab/images/partner/7.jpg]
[rstheme.com/products/html/seolab/images/partner/8.jpg]
[rstheme.com/products/html/seolab/images/partner/9.jpg]
[rstheme.com/products/html/seolab/images/partner/10.jpg]
[rstheme.com/products/html/seolab/images/partner/11.jpg]
[rstheme.com/products/html/seolab/images/partner/12.jpg]
[rstheme.com/products/html/seolab/js/jquery.meanmenu.js]
[rstheme.com/products/html/seolab/case-study.html]
[rstheme.com/products/html/seolab/blog-with-left-sidebar.c6.delayed]
[rstheme.com/products/html/seolab/case-study-2.html]
[rstheme.com/products/html/seolab/case-study-3.html]
[rstheme.com/products/html/seolab/case-study-full.html]
[rstheme.com/products/html/seolab/images/partner/22.jpg]
[rstheme.com/products/html/seolab/images/partner/33.jpg]
[rstheme.com/products/html/seolab/images/partner/44.jpg]
[rstheme.com/products/html/seolab/images/partner/66.jpg]
[rstheme.com/products/html/seolab/images/partner/77.jpg]
[rstheme.com/products/html/seolab/images/partner/99.jpg]
[rstheme.com/products/html/seolab/images/partner/1010.jpg]
[rstheme.com/products/html/seolab/images/partner/1111.jpg]
[rstheme.com/products/html/seolab/case-study-masonary.html]
[rstheme.com/products/html/seolab/blog.html]
[rstheme.com/products/html/seolab/images/blog/9.jpg]
[rstheme.com/products/html/seolab/images/blog/5.jpg]
[rstheme.com/products/html/seolab/blog-with-right-sidebar.html]
[rstheme.com/products/html/seolab/blog-with-left-sidebar.html]
[rstheme.com/products/html/seolab/case-details.d2.delayed]
[rstheme.com/products/html/seolab/blog-no-sidebar.d3.delayed]
[rstheme.com/products/html/seolab/blog-details.d4.delayed]
[rstheme.com/products/html/seolab/team.d5.delayed]
[rstheme.com/products/html/seolab/contact.d6.delayed]
[rstheme.com/products/html/seolab/article-category-blog.html]
[rstheme.com/products/html/seolab/blog-one-column.html]
[rstheme.com/products/html/seolab/js/quote.form.d7.delayed]
[rstheme.com/products/html/seolab/blog-two-column.html]
[rstheme.com/products/html/seolab/blog-three-column.html]
[rstheme.com/products/html/seolab/contact-1.html]
[rstheme.com/products/html/seolab/contact-2.html]
[rstheme.com/products/html/seolab/testimonials.html]
[rstheme.com/products/html/seolab/page.d8.delayed]
[rstheme.com/products/html/seolab/images/team/7.jpg]
[rstheme.com/products/html/seolab/images/team/8.jpg]
[rstheme.com/products/html/seolab/images/team/9.jpg]
[rstheme.com/products/html/seolab/images/team/11.jpg]
[rstheme.com/products/html/seolab/images/team/12.jpg]
[rstheme.com/products/html/seolab/team1.html]
[rstheme.com/products/html/seolab/team2.html]
[rstheme.com/products/html/seolab/team3.html]
[rstheme.com/products/html/seolab/team4.html]
[rstheme.com/products/html/seolab/testimonial.html]
[rstheme.com/products/html/seolab/price-plan.html]
[rstheme.com/products/html/seolab/images/logo-comingsoon.png]
[rstheme.com/products/html/seolab/coming-soon.html]
[rstheme.com/products/html/seolab/error.html]
[rstheme.com/products/html/seolab/single-team-member.html]
[rstheme.com/products/html/seolab/fonts/glyphicons-halflings-regular.html]
[rstheme.com/products/html/seolab/fonts/glyphicons-halflings-regulard41d.html]
[rstheme.com/products/html/seolab/fonts/glyphicons-halflings-regular-2.html]
[rstheme.com/products/html/seolab/fonts/glyphicons-halflings-regular-3.html]
[rstheme.com/products/html/seolab/fonts/glyphicons-halflings-regular-4.html]
[rstheme.com/products/html/seolab/fonts/glyphicons-halflings-regular-5.html]
[rstheme.com/products/html/seolab/js/time-circle.js]
[rstheme.com/products/html/seolab/fonts/fontawesome-webfont3e6e.svg]
[rstheme.com/products/html/seolab/css/owl.video.play.html]
[rstheme.com/products/html/seolab/css/AjaxLoader.html]
[rstheme.com/products/html/seolab/fonts/Flaticon.svg]
[rstheme.com/products/html/seolab/css/fonts/slick.svg]
[rstheme.com/products/html/seolab/images/banner/1.html]
[rstheme.com/products/html/seolab/team-details.html]
[rstheme.com/products/html/seolab/service-details.html]
[rstheme.com/products/html/seolab/blog-with-left-sidebar-2.html]
[rstheme.com/products/html/seolab/blog.html]
[rstheme.com/products/html/seolab/case-details.html]
[rstheme.com/products/html/seolab/blog-no-sidebar.html]
[rstheme.com/products/html/seolab/blog-details.html]
[rstheme.com/products/html/seolab/team.html]
[rstheme.com/products/html/seolab/contact.html]
[rstheme.com/products/html/seolab/js/quote.form.html]
[rstheme.com/products/html/seolab/page.html]
